Essential container in task exited
None
1
Essential container in task exited
None
1
Essential container in task exited
None
1
Essential container in task exited
None
1
Essential container in task exited
None
1
Essential container in task exited
None
1
Essential container in task exited
None
1
Essential container in task exited
None
1
Essential container in task exited
None
1
